Archive member included to satisfy reference by file (symbol)

c:/st/stm32cubeide_1.5.1/stm32cubeide/plugins/com.st.stm32cube.ide.mcu.externaltools.gnu-tools-for-stm32.7-2018-q2-update.win32_1.5.0.202011040924/tools/bin/../lib/gcc/arm-none-eabi/7.3.1/../../../../arm-none-eabi/lib/thumb/v7e-m/fpv4-sp/hard\libc_nano.a(lib_a-errno.o)
                              Core/Src/syscalls.o (__errno)
c:/st/stm32cubeide_1.5.1/stm32cubeide/plugins/com.st.stm32cube.ide.mcu.externaltools.gnu-tools-for-stm32.7-2018-q2-update.win32_1.5.0.202011040924/tools/bin/../lib/gcc/arm-none-eabi/7.3.1/../../../../arm-none-eabi/lib/thumb/v7e-m/fpv4-sp/hard\libc_nano.a(lib_a-exit.o)
                              c:/st/stm32cubeide_1.5.1/stm32cubeide/plugins/com.st.stm32cube.ide.mcu.externaltools.gnu-tools-for-stm32.7-2018-q2-update.win32_1.5.0.202011040924/tools/bin/../lib/gcc/arm-none-eabi/7.3.1/../../../../arm-none-eabi/lib/thumb/v7e-m/fpv4-sp/hard/crt0.o (exit)
c:/st/stm32cubeide_1.5.1/stm32cubeide/plugins/com.st.stm32cube.ide.mcu.externaltools.gnu-tools-for-stm32.7-2018-q2-update.win32_1.5.0.202011040924/tools/bin/../lib/gcc/arm-none-eabi/7.3.1/../../../../arm-none-eabi/lib/thumb/v7e-m/fpv4-sp/hard\libc_nano.a(lib_a-impure.o)
                              c:/st/stm32cubeide_1.5.1/stm32cubeide/plugins/com.st.stm32cube.ide.mcu.externaltools.gnu-tools-for-stm32.7-2018-q2-update.win32_1.5.0.202011040924/tools/bin/../lib/gcc/arm-none-eabi/7.3.1/../../../../arm-none-eabi/lib/thumb/v7e-m/fpv4-sp/hard\libc_nano.a(lib_a-exit.o) (_global_impure_ptr)
c:/st/stm32cubeide_1.5.1/stm32cubeide/plugins/com.st.stm32cube.ide.mcu.externaltools.gnu-tools-for-stm32.7-2018-q2-update.win32_1.5.0.202011040924/tools/bin/../lib/gcc/arm-none-eabi/7.3.1/../../../../arm-none-eabi/lib/thumb/v7e-m/fpv4-sp/hard\libc_nano.a(lib_a-init.o)
                              c:/st/stm32cubeide_1.5.1/stm32cubeide/plugins/com.st.stm32cube.ide.mcu.externaltools.gnu-tools-for-stm32.7-2018-q2-update.win32_1.5.0.202011040924/tools/bin/../lib/gcc/arm-none-eabi/7.3.1/../../../../arm-none-eabi/lib/thumb/v7e-m/fpv4-sp/hard/crt0.o (__libc_init_array)
c:/st/stm32cubeide_1.5.1/stm32cubeide/plugins/com.st.stm32cube.ide.mcu.externaltools.gnu-tools-for-stm32.7-2018-q2-update.win32_1.5.0.202011040924/tools/bin/../lib/gcc/arm-none-eabi/7.3.1/../../../../arm-none-eabi/lib/thumb/v7e-m/fpv4-sp/hard\libc_nano.a(lib_a-memset.o)
                              c:/st/stm32cubeide_1.5.1/stm32cubeide/plugins/com.st.stm32cube.ide.mcu.externaltools.gnu-tools-for-stm32.7-2018-q2-update.win32_1.5.0.202011040924/tools/bin/../lib/gcc/arm-none-eabi/7.3.1/../../../../arm-none-eabi/lib/thumb/v7e-m/fpv4-sp/hard/crt0.o (memset)
c:/st/stm32cubeide_1.5.1/stm32cubeide/plugins/com.st.stm32cube.ide.mcu.externaltools.gnu-tools-for-stm32.7-2018-q2-update.win32_1.5.0.202011040924/tools/bin/../lib/gcc/arm-none-eabi/7.3.1/thumb/v7e-m/fpv4-sp/hard\libgcc.a(_aeabi_uldivmod.o)
                              Drivers/STM32F4xx_HAL_Driver/Src/stm32f4xx_hal_rcc.o (__aeabi_uldivmod)
c:/st/stm32cubeide_1.5.1/stm32cubeide/plugins/com.st.stm32cube.ide.mcu.externaltools.gnu-tools-for-stm32.7-2018-q2-update.win32_1.5.0.202011040924/tools/bin/../lib/gcc/arm-none-eabi/7.3.1/thumb/v7e-m/fpv4-sp/hard\libgcc.a(_udivmoddi4.o)
                              c:/st/stm32cubeide_1.5.1/stm32cubeide/plugins/com.st.stm32cube.ide.mcu.externaltools.gnu-tools-for-stm32.7-2018-q2-update.win32_1.5.0.202011040924/tools/bin/../lib/gcc/arm-none-eabi/7.3.1/thumb/v7e-m/fpv4-sp/hard\libgcc.a(_aeabi_uldivmod.o) (__udivmoddi4)
c:/st/stm32cubeide_1.5.1/stm32cubeide/plugins/com.st.stm32cube.ide.mcu.externaltools.gnu-tools-for-stm32.7-2018-q2-update.win32_1.5.0.202011040924/tools/bin/../lib/gcc/arm-none-eabi/7.3.1/thumb/v7e-m/fpv4-sp/hard\libgcc.a(_dvmd_tls.o)
                              c:/st/stm32cubeide_1.5.1/stm32cubeide/plugins/com.st.stm32cube.ide.mcu.externaltools.gnu-tools-for-stm32.7-2018-q2-update.win32_1.5.0.202011040924/tools/bin/../lib/gcc/arm-none-eabi/7.3.1/thumb/v7e-m/fpv4-sp/hard\libgcc.a(_aeabi_uldivmod.o) (__aeabi_ldiv0)

Allocating common symbols
Common symbol       size              file

uwTick              0x4               Drivers/STM32F4xx_HAL_Driver/Src/stm32f4xx_hal.o
pFlash              0x20              Drivers/STM32F4xx_HAL_Driver/Src/stm32f4xx_hal_flash.o
hcan2               0x28              Core/Src/main.o
huart6              0x40              Core/Src/main.o
heth                0x48              Core/Src/main.o

Discarded input sections

 .text          0x0000000000000000        0x0 c:/st/stm32cubeide_1.5.1/stm32cubeide/plugins/com.st.stm32cube.ide.mcu.externaltools.gnu-tools-for-stm32.7-2018-q2-update.win32_1.5.0.202011040924/tools/bin/../lib/gcc/arm-none-eabi/7.3.1/thumb/v7e-m/fpv4-sp/hard/crti.o
[...]
Memory Configuration

Name             Origin             Length             Attributes
CCMRAM           0x0000000010000000 0x0000000000010000 xrw
RAM              0x0000000020000000 0x0000000000020000 xrw
FLASH            0x0000000008020000 0x00000000000e0000 xr
*default*        0x0000000000000000 0xffffffffffffffff

Linker script and memory map

LOAD c:/st/stm32cubeide_1.5.1/stm32cubeide/plugins/com.st.stm32cube.ide.mcu.externaltools.gnu-tools-for-stm32.7-2018-q2-update.win32_1.5.0.202011040924/tools/bin/../lib/gcc/arm-none-eabi/7.3.1/thumb/v7e-m/fpv4-sp/hard/crti.o
LOAD c:/st/stm32cubeide_1.5.1/stm32cubeide/plugins/com.st.stm32cube.ide.mcu.externaltools.gnu-tools-for-stm32.7-2018-q2-update.win32_1.5.0.202011040924/tools/bin/../lib/gcc/arm-none-eabi/7.3.1/thumb/v7e-m/fpv4-sp/hard/crtbegin.o
LOAD c:/st/stm32cubeide_1.5.1/stm32cubeide/plugins/com.st.stm32cube.ide.mcu.externaltools.gnu-tools-for-stm32.7-2018-q2-update.win32_1.5.0.202011040924/tools/bin/../lib/gcc/arm-none-eabi/7.3.1/../../../../arm-none-eabi/lib/thumb/v7e-m/fpv4-sp/hard/crt0.o
LOAD App/app.o
LOAD App/boot.o
LOAD App/led.o
LOAD App/timer.o
LOAD Core/Src/main.o
LOAD Core/Src/stm32f4xx_hal_msp.o
LOAD Core/Src/stm32f4xx_it.o
LOAD Core/Src/syscalls.o
LOAD Core/Src/sysmem.o
LOAD Core/Src/system_stm32f4xx.o
LOAD Core/Startup/startup_stm32f407zgtx.o
LOAD Drivers/STM32F4xx_HAL_Driver/Src/stm32f4xx_hal.o
LOAD Drivers/STM32F4xx_HAL_Driver/Src/stm32f4xx_hal_can.o
LOAD Drivers/STM32F4xx_HAL_Driver/Src/stm32f4xx_hal_cortex.o
LOAD Drivers/STM32F4xx_HAL_Driver/Src/stm32f4xx_hal_dma.o
LOAD Drivers/STM32F4xx_HAL_Driver/Src/stm32f4xx_hal_dma_ex.o
LOAD Drivers/STM32F4xx_HAL_Driver/Src/stm32f4xx_hal_eth.o
LOAD Drivers/STM32F4xx_HAL_Driver/Src/stm32f4xx_hal_exti.o
LOAD Drivers/STM32F4xx_HAL_Driver/Src/stm32f4xx_hal_flash.o
LOAD Drivers/STM32F4xx_HAL_Driver/Src/stm32f4xx_hal_flash_ex.o
LOAD Drivers/STM32F4xx_HAL_Driver/Src/stm32f4xx_hal_flash_ramfunc.o
LOAD Drivers/STM32F4xx_HAL_Driver/Src/stm32f4xx_hal_gpio.o
LOAD Drivers/STM32F4xx_HAL_Driver/Src/stm32f4xx_hal_pwr.o
LOAD Drivers/STM32F4xx_HAL_Driver/Src/stm32f4xx_hal_pwr_ex.o
LOAD Drivers/STM32F4xx_HAL_Driver/Src/stm32f4xx_hal_rcc.o
LOAD Drivers/STM32F4xx_HAL_Driver/Src/stm32f4xx_hal_rcc_ex.o
LOAD Drivers/STM32F4xx_HAL_Driver/Src/stm32f4xx_hal_tim.o
LOAD Drivers/STM32F4xx_HAL_Driver/Src/stm32f4xx_hal_tim_ex.o
LOAD Drivers/STM32F4xx_HAL_Driver/Src/stm32f4xx_hal_uart.o
START GROUP
LOAD c:/st/stm32cubeide_1.5.1/stm32cubeide/plugins/com.st.stm32cube.ide.mcu.externaltools.gnu-tools-for-stm32.7-2018-q2-update.win32_1.5.0.202011040924/tools/bin/../lib/gcc/arm-none-eabi/7.3.1/../../../../arm-none-eabi/lib/thumb/v7e-m/fpv4-sp/hard\libc_nano.a
LOAD c:/st/stm32cubeide_1.5.1/stm32cubeide/plugins/com.st.stm32cube.ide.mcu.externaltools.gnu-tools-for-stm32.7-2018-q2-update.win32_1.5.0.202011040924/tools/bin/../lib/gcc/arm-none-eabi/7.3.1/../../../../arm-none-eabi/lib/thumb/v7e-m/fpv4-sp/hard\libm.a
END GROUP
START GROUP
LOAD c:/st/stm32cubeide_1.5.1/stm32cubeide/plugins/com.st.stm32cube.ide.mcu.externaltools.gnu-tools-for-stm32.7-2018-q2-update.win32_1.5.0.202011040924/tools/bin/../lib/gcc/arm-none-eabi/7.3.1/thumb/v7e-m/fpv4-sp/hard\libgcc.a
LOAD c:/st/stm32cubeide_1.5.1/stm32cubeide/plugins/com.st.stm32cube.ide.mcu.externaltools.gnu-tools-for-stm32.7-2018-q2-update.win32_1.5.0.202011040924/tools/bin/../lib/gcc/arm-none-eabi/7.3.1/../../../../arm-none-eabi/lib/thumb/v7e-m/fpv4-sp/hard\libc_nano.a
END GROUP
START GROUP
LOAD c:/st/stm32cubeide_1.5.1/stm32cubeide/plugins/com.st.stm32cube.ide.mcu.externaltools.gnu-tools-for-stm32.7-2018-q2-update.win32_1.5.0.202011040924/tools/bin/../lib/gcc/arm-none-eabi/7.3.1/thumb/v7e-m/fpv4-sp/hard\libgcc.a
LOAD c:/st/stm32cubeide_1.5.1/stm32cubeide/plugins/com.st.stm32cube.ide.mcu.externaltools.gnu-tools-for-stm32.7-2018-q2-update.win32_1.5.0.202011040924/tools/bin/../lib/gcc/arm-none-eabi/7.3.1/../../../../arm-none-eabi/lib/thumb/v7e-m/fpv4-sp/hard\libc_nano.a
LOAD c:/st/stm32cubeide_1.5.1/stm32cubeide/plugins/com.st.stm32cube.ide.mcu.externaltools.gnu-tools-for-stm32.7-2018-q2-update.win32_1.5.0.202011040924/tools/bin/../lib/gcc/arm-none-eabi/7.3.1/../../../../arm-none-eabi/lib/thumb/v7e-m/fpv4-sp/hard\libnosys.a
END GROUP
START GROUP
LOAD c:/st/stm32cubeide_1.5.1/stm32cubeide/plugins/com.st.stm32cube.ide.mcu.externaltools.gnu-tools-for-stm32.7-2018-q2-update.win32_1.5.0.202011040924/tools/bin/../lib/gcc/arm-none-eabi/7.3.1/thumb/v7e-m/fpv4-sp/hard\libgcc.a
LOAD c:/st/stm32cubeide_1.5.1/stm32cubeide/plugins/com.st.stm32cube.ide.mcu.externaltools.gnu-tools-for-stm32.7-2018-q2-update.win32_1.5.0.202011040924/tools/bin/../lib/gcc/arm-none-eabi/7.3.1/../../../../arm-none-eabi/lib/thumb/v7e-m/fpv4-sp/hard\libc_nano.a
LOAD c:/st/stm32cubeide_1.5.1/stm32cubeide/plugins/com.st.stm32cube.ide.mcu.externaltools.gnu-tools-for-stm32.7-2018-q2-update.win32_1.5.0.202011040924/tools/bin/../lib/gcc/arm-none-eabi/7.3.1/../../../../arm-none-eabi/lib/thumb/v7e-m/fpv4-sp/hard\libnosys.a
END GROUP
LOAD c:/st/stm32cubeide_1.5.1/stm32cubeide/plugins/com.st.stm32cube.ide.mcu.externaltools.gnu-tools-for-stm32.7-2018-q2-update.win32_1.5.0.202011040924/tools/bin/../lib/gcc/arm-none-eabi/7.3.1/thumb/v7e-m/fpv4-sp/hard/crtend.o
LOAD c:/st/stm32cubeide_1.5.1/stm32cubeide/plugins/com.st.stm32cube.ide.mcu.externaltools.gnu-tools-for-stm32.7-2018-q2-update.win32_1.5.0.202011040924/tools/bin/../lib/gcc/arm-none-eabi/7.3.1/thumb/v7e-m/fpv4-sp/hard/crtn.o
                0x0000000020020000                _estack = (ORIGIN (RAM) + LENGTH (RAM))
                0x0000000000000200                _Min_Heap_Size = 0x200
                0x0000000000000400                _Min_Stack_Size = 0x400

.isr_vector     0x0000000008020000      0x18c
                0x0000000008020000                . = ALIGN (0x4)
 *(.isr_vector)
 .isr_vector    0x0000000008020000      0x18c Core/Startup/startup_stm32f407zgtx.o
                0x0000000008020000                g_pfnVectors
                0x000000000802018c                . = ALIGN (0x4)

.text           0x000000000802018c     0x1bb4
                0x000000000802018c                . = ALIGN (0x4)
 *(.text)
 .text          0x000000000802018c       0x40 c:/st/stm32cubeide_1.5.1/stm32cubeide/plugins/com.st.stm32cube.ide.mcu.externaltools.gnu-tools-for-stm32.7-2018-q2-update.win32_1.5.0.202011040924/tools/bin/../lib/gcc/arm-none-eabi/7.3.1/thumb/v7e-m/fpv4-sp/hard/crtbegin.o
 .text          0x00000000080201cc       0x30 c:/st/stm32cubeide_1.5.1/stm32cubeide/plugins/com.st.stm32cube.ide.mcu.externaltools.gnu-tools-for-stm32.7-2018-q2-update.win32_1.5.0.202011040924/tools/bin/../lib/gcc/arm-none-eabi/7.3.1/thumb/v7e-m/fpv4-sp/hard\libgcc.a(_aeabi_uldivmod.o)
                0x00000000080201cc                __aeabi_uldivmod
 .text          0x00000000080201fc      0x2cc c:/st/stm32cubeide_1.5.1/stm32cubeide/plugins/com.st.stm32cube.ide.mcu.externaltools.gnu-tools-for-stm32.7-2018-q2-update.win32_1.5.0.202011040924/tools/bin/../lib/gcc/arm-none-eabi/7.3.1/thumb/v7e-m/fpv4-sp/hard\libgcc.a(_udivmoddi4.o)
                0x00000000080201fc                __udivmoddi4
 .text          0x00000000080204c8        0x4 c:/st/stm32cubeide_1.5.1/stm32cubeide/plugins/com.st.stm32cube.ide.mcu.externaltools.gnu-tools-for-stm32.7-2018-q2-update.win32_1.5.0.202011040924/tools/bin/../lib/gcc/arm-none-eabi/7.3.1/thumb/v7e-m/fpv4-sp/hard\libgcc.a(_dvmd_tls.o)
                0x00000000080204c8                __aeabi_idiv0
                0x00000000080204c8                __aeabi_ldiv0
 *(.text*)
 .text.AppInit  0x00000000080204cc       0x10 App/app.o
                0x00000000080204cc                AppInit
 .text.AppTask  0x00000000080204dc        0xc App/app.o
                0x00000000080204dc                AppTask
 .text.BootComRs232Init
                0x00000000080204e8       0x2c App/boot.o
 .text.Rs232ReceiveByte
                0x0000000008020514       0x1c App/boot.o
 .text.BootComInit
                0x0000000008020530        0x8 App/boot.o
                0x0000000008020530                BootComInit
 .text.BootActivate
                0x0000000008020538       0x24 App/boot.o
                0x0000000008020538                BootActivate
 .text.BootComRs232CheckActivationRequest
                0x000000000802055c       0x98 App/boot.o
 .text.BootComCheckActivationRequest
                0x00000000080205f4        0x8 App/boot.o
                0x00000000080205f4                BootComCheckActivationRequest
 .text.LedInit  0x00000000080205fc       0x40 App/led.o
                0x00000000080205fc                LedInit
 .text.LedToggle
                0x000000000802063c       0x70 App/led.o
                0x000000000802063c                LedToggle
 .text.TimerInit
                0x00000000080206ac        0x2 App/timer.o
                0x00000000080206ac                TimerInit
 .text.TimerGet
                0x00000000080206ae        0x8 App/timer.o
                0x00000000080206ae                TimerGet
 *fill*         0x00000000080206b6        0x2 
 .text.VectorBase_Config
                0x00000000080206b8       0x10 Core/Src/main.o
 .text.MX_GPIO_Init
                0x00000000080206c8       0xcc Core/Src/main.o
 .text.MX_ETH_Init
                0x0000000008020794       0x54 Core/Src/main.o
 .text.SystemClock_Config
                0x00000000080207e8       0x94 Core/Src/main.o
                0x00000000080207e8                SystemClock_Config
 .text.main     0x000000000802087c       0x20 Core/Src/main.o
                0x000000000802087c                main
 .text.HAL_MspInit
                0x000000000802089c       0x38 Core/Src/stm32f4xx_hal_msp.o
                0x000000000802089c                HAL_MspInit
 .text.HAL_ETH_MspInit
                0x00000000080208d4       0xf0 Core/Src/stm32f4xx_hal_msp.o
                0x00000000080208d4                HAL_ETH_MspInit
 .text.HAL_UART_MspInit
                0x00000000080209c4       0x70 Core/Src/stm32f4xx_hal_msp.o
                0x00000000080209c4                HAL_UART_MspInit
 .text.NMI_Handler
                0x0000000008020a34        0x2 Core/Src/stm32f4xx_it.o
                0x0000000008020a34                NMI_Handler
 .text.HardFault_Handler
                0x0000000008020a36        0x2 Core/Src/stm32f4xx_it.o
                0x0000000008020a36                HardFault_Handler
 .text.MemManage_Handler
                0x0000000008020a38        0x2 Core/Src/stm32f4xx_it.o
                0x0000000008020a38                MemManage_Handler
 .text.BusFault_Handler
                0x0000000008020a3a        0x2 Core/Src/stm32f4xx_it.o
                0x0000000008020a3a                BusFault_Handler
 .text.UsageFault_Handler
                0x0000000008020a3c        0x2 Core/Src/stm32f4xx_it.o
                0x0000000008020a3c                UsageFault_Handler
 .text.SVC_Handler
                0x0000000008020a3e        0x2 Core/Src/stm32f4xx_it.o
                0x0000000008020a3e                SVC_Handler
 .text.DebugMon_Handler
                0x0000000008020a40        0x2 Core/Src/stm32f4xx_it.o
                0x0000000008020a40                DebugMon_Handler
 .text.PendSV_Handler
                0x0000000008020a42        0x2 Core/Src/stm32f4xx_it.o
                0x0000000008020a42                PendSV_Handler
 .text.SysTick_Handler
                0x0000000008020a44        0x8 Core/Src/stm32f4xx_it.o
                0x0000000008020a44                SysTick_Handler
 .text.SystemInit
                0x0000000008020a4c       0x1c Core/Src/system_stm32f4xx.o
                0x0000000008020a4c                SystemInit
 .text.Reset_Handler
                0x0000000008020a68       0x50 Core/Startup/startup_stm32f407zgtx.o
                0x0000000008020a68                Reset_Handler
 .text.Default_Handler
                0x0000000008020ab8        0x2 Core/Startup/startup_stm32f407zgtx.o
                0x0000000008020ab8                RTC_Alarm_IRQHandler
                0x0000000008020ab8                HASH_RNG_IRQHandler
                0x0000000008020ab8                EXTI2_IRQHandler
                0x0000000008020ab8                TIM8_CC_IRQHandler
                0x0000000008020ab8                TIM1_CC_IRQHandler
                0x0000000008020ab8                DMA2_Stream5_IRQHandler
                0x0000000008020ab8                DMA1_Stream5_IRQHandler
                0x0000000008020ab8                PVD_IRQHandler
                0x0000000008020ab8                SDIO_IRQHandler
                0x0000000008020ab8                TAMP_STAMP_IRQHandler
                0x0000000008020ab8                CAN2_RX1_IRQHandler
                0x0000000008020ab8                EXTI3_IRQHandler
                0x0000000008020ab8                TIM8_TRG_COM_TIM14_IRQHandler
                0x0000000008020ab8                TIM1_UP_TIM10_IRQHandler
                0x0000000008020ab8                TIM8_UP_TIM13_IRQHandler
                0x0000000008020ab8                I2C3_ER_IRQHandler
                0x0000000008020ab8                EXTI0_IRQHandler
                0x0000000008020ab8                I2C2_EV_IRQHandler
                0x0000000008020ab8                DMA1_Stream2_IRQHandler
                0x0000000008020ab8                CAN1_RX0_IRQHandler
                0x0000000008020ab8                FPU_IRQHandler
                0x0000000008020ab8                OTG_HS_WKUP_IRQHandler
                0x0000000008020ab8                CAN2_SCE_IRQHandler
                0x0000000008020ab8                DMA2_Stream2_IRQHandler
                0x0000000008020ab8                SPI1_IRQHandler
                0x0000000008020ab8                TIM6_DAC_IRQHandler
                0x0000000008020ab8                TIM1_BRK_TIM9_IRQHandler
                0x0000000008020ab8                DCMI_IRQHandler
                0x0000000008020ab8                CAN2_RX0_IRQHandler
                0x0000000008020ab8                DMA2_Stream3_IRQHandler
                0x0000000008020ab8                USART6_IRQHandler
                0x0000000008020ab8                USART3_IRQHandler
                0x0000000008020ab8                CAN1_RX1_IRQHandler
                0x0000000008020ab8                UART5_IRQHandler
                0x0000000008020ab8                DMA2_Stream0_IRQHandler
                0x0000000008020ab8                TIM4_IRQHandler
                0x0000000008020ab8                I2C1_EV_IRQHandler
                0x0000000008020ab8                DMA1_Stream6_IRQHandler
                0x0000000008020ab8                DMA1_Stream1_IRQHandler
                0x0000000008020ab8                UART4_IRQHandler
                0x0000000008020ab8                TIM3_IRQHandler
                0x0000000008020ab8                RCC_IRQHandler
                0x0000000008020ab8                TIM8_BRK_TIM12_IRQHandler
                0x0000000008020ab8                Default_Handler
                0x0000000008020ab8                EXTI15_10_IRQHandler
                0x0000000008020ab8                ADC_IRQHandler
                0x0000000008020ab8                DMA1_Stream7_IRQHandler
                0x0000000008020ab8                TIM7_IRQHandler
                0x0000000008020ab8                CAN2_TX_IRQHandler
                0x0000000008020ab8                TIM5_IRQHandler
                0x0000000008020ab8                DMA2_Stream7_IRQHandler
                0x0000000008020ab8                I2C3_EV_IRQHandler
                0x0000000008020ab8                EXTI9_5_IRQHandler
                0x0000000008020ab8                RTC_WKUP_IRQHandler
                0x0000000008020ab8                ETH_WKUP_IRQHandler
                0x0000000008020ab8                SPI2_IRQHandler
                0x0000000008020ab8                OTG_HS_EP1_IN_IRQHandler
                0x0000000008020ab8                DMA1_Stream0_IRQHandler
                0x0000000008020ab8                CAN1_TX_IRQHandler
                0x0000000008020ab8                EXTI4_IRQHandler
                0x0000000008020ab8                FSMC_IRQHandler
                0x0000000008020ab8                ETH_IRQHandler
                0x0000000008020ab8                OTG_HS_EP1_OUT_IRQHandler
                0x0000000008020ab8                WWDG_IRQHandler
                0x0000000008020ab8                TIM2_IRQHandler
                0x0000000008020ab8                OTG_FS_WKUP_IRQHandler
                0x0000000008020ab8                TIM1_TRG_COM_TIM11_IRQHandler
                0x0000000008020ab8                OTG_HS_IRQHandler
                0x0000000008020ab8                EXTI1_IRQHandler
                0x0000000008020ab8                USART2_IRQHandler
                0x0000000008020ab8                I2C2_ER_IRQHandler
                0x0000000008020ab8                DMA2_Stream1_IRQHandler
                0x0000000008020ab8                CAN1_SCE_IRQHandler
                0x0000000008020ab8                FLASH_IRQHandler
                0x0000000008020ab8                DMA2_Stream4_IRQHandler
                0x0000000008020ab8                USART1_IRQHandler
                0x0000000008020ab8                OTG_FS_IRQHandler
                0x0000000008020ab8                SPI3_IRQHandler
                0x0000000008020ab8                DMA1_Stream4_IRQHandler
                0x0000000008020ab8                I2C1_ER_IRQHandler
                0x0000000008020ab8                DMA2_Stream6_IRQHandler
                0x0000000008020ab8                DMA1_Stream3_IRQHandler
 *fill*         0x0000000008020aba        0x2 
 .text.HAL_InitTick
                0x0000000008020abc       0x4c Drivers/STM32F4xx_HAL_Driver/Src/stm32f4xx_hal.o
                0x0000000008020abc                HAL_InitTick
 .text.HAL_Init
                0x0000000008020b08       0x34 Drivers/STM32F4xx_HAL_Driver/Src/stm32f4xx_hal.o
                0x0000000008020b08                HAL_Init
 .text.HAL_IncTick
                0x0000000008020b3c       0x18 Drivers/STM32F4xx_HAL_Driver/Src/stm32f4xx_hal.o
                0x0000000008020b3c                HAL_IncTick
 .text.HAL_GetTick
                0x0000000008020b54        0xc Drivers/STM32F4xx_HAL_Driver/Src/stm32f4xx_hal.o
                0x0000000008020b54                HAL_GetTick
 .text.HAL_Delay
                0x0000000008020b60       0x28 Drivers/STM32F4xx_HAL_Driver/Src/stm32f4xx_hal.o
                0x0000000008020b60                HAL_Delay
 .text.HAL_NVIC_SetPriorityGrouping
                0x0000000008020b88       0x24 Drivers/STM32F4xx_HAL_Driver/Src/stm32f4xx_hal_cortex.o
                0x0000000008020b88                HAL_NVIC_SetPriorityGrouping
 .text.HAL_NVIC_SetPriority
                0x0000000008020bac       0x68 Drivers/STM32F4xx_HAL_Driver/Src/stm32f4xx_hal_cortex.o
                0x0000000008020bac                HAL_NVIC_SetPriority
 .text.HAL_SYSTICK_Config
                0x0000000008020c14       0x2c Drivers/STM32F4xx_HAL_Driver/Src/stm32f4xx_hal_cortex.o
                0x0000000008020c14                HAL_SYSTICK_Config
 .text.ETH_MACAddressConfig
                0x0000000008020c40       0x30 Drivers/STM32F4xx_HAL_Driver/Src/stm32f4xx_hal_eth.o
 .text.ETH_MACDMAConfig
                0x0000000008020c70      0x118 Drivers/STM32F4xx_HAL_Driver/Src/stm32f4xx_hal_eth.o
 .text.HAL_ETH_ReadPHYRegister
                0x0000000008020d88       0x78 Drivers/STM32F4xx_HAL_Driver/Src/stm32f4xx_hal_eth.o
                0x0000000008020d88                HAL_ETH_ReadPHYRegister
 .text.HAL_ETH_WritePHYRegister
                0x0000000008020e00       0x74 Drivers/STM32F4xx_HAL_Driver/Src/stm32f4xx_hal_eth.o
                0x0000000008020e00                HAL_ETH_WritePHYRegister
 .text.HAL_ETH_Init
                0x0000000008020e74      0x258 Drivers/STM32F4xx_HAL_Driver/Src/stm32f4xx_hal_eth.o
                0x0000000008020e74                HAL_ETH_Init
 .text.HAL_GPIO_Init
                0x00000000080210cc      0x1c8 Drivers/STM32F4xx_HAL_Driver/Src/stm32f4xx_hal_gpio.o
                0x00000000080210cc                HAL_GPIO_Init
 .text.HAL_GPIO_WritePin
                0x0000000008021294        0xc Drivers/STM32F4xx_HAL_Driver/Src/stm32f4xx_hal_gpio.o
                0x0000000008021294                HAL_GPIO_WritePin
 .text.HAL_RCC_OscConfig
                0x00000000080212a0      0x3ec Drivers/STM32F4xx_HAL_Driver/Src/stm32f4xx_hal_rcc.o
                0x00000000080212a0                HAL_RCC_OscConfig
 .text.HAL_RCC_GetSysClockFreq
                0x000000000802168c       0xd8 Drivers/STM32F4xx_HAL_Driver/Src/stm32f4xx_hal_rcc.o
                0x000000000802168c                HAL_RCC_GetSysClockFreq
 .text.HAL_RCC_ClockConfig
                0x0000000008021764      0x160 Drivers/STM32F4xx_HAL_Driver/Src/stm32f4xx_hal_rcc.o
                0x0000000008021764                HAL_RCC_ClockConfig
 .text.HAL_RCC_GetHCLKFreq
                0x00000000080218c4        0xc Drivers/STM32F4xx_HAL_Driver/Src/stm32f4xx_hal_rcc.o
                0x00000000080218c4                HAL_RCC_GetHCLKFreq
 .text.HAL_RCC_GetPCLK1Freq
                0x00000000080218d0       0x20 Drivers/STM32F4xx_HAL_Driver/Src/stm32f4xx_hal_rcc.o
                0x00000000080218d0                HAL_RCC_GetPCLK1Freq
 .text.HAL_RCC_GetPCLK2Freq
                0x00000000080218f0       0x20 Drivers/STM32F4xx_HAL_Driver/Src/stm32f4xx_hal_rcc.o
                0x00000000080218f0                HAL_RCC_GetPCLK2Freq
 .text.UART_SetConfig
                0x0000000008021910      0x218 Drivers/STM32F4xx_HAL_Driver/Src/stm32f4xx_hal_uart.o
 .text.UART_WaitOnFlagUntilTimeout
                0x0000000008021b28       0x62 Drivers/STM32F4xx_HAL_Driver/Src/stm32f4xx_hal_uart.o
 .text.HAL_UART_Init
                0x0000000008021b8a       0x5e Drivers/STM32F4xx_HAL_Driver/Src/stm32f4xx_hal_uart.o
                0x0000000008021b8a                HAL_UART_Init
 .text.HAL_UART_Receive
                0x0000000008021be8       0xe8 Drivers/STM32F4xx_HAL_Driver/Src/stm32f4xx_hal_uart.o
                0x0000000008021be8                HAL_UART_Receive
 .text.__libc_init_array
                0x0000000008021cd0       0x48 c:/st/stm32cubeide_1.5.1/stm32cubeide/plugins/com.st.stm32cube.ide.mcu.externaltools.gnu-tools-for-stm32.7-2018-q2-update.win32_1.5.0.202011040924/tools/bin/../lib/gcc/arm-none-eabi/7.3.1/../../../../arm-none-eabi/lib/thumb/v7e-m/fpv4-sp/hard\libc_nano.a(lib_a-init.o)
                0x0000000008021cd0                __libc_init_array
 .text.memset   0x0000000008021d18       0x10 c:/st/stm32cubeide_1.5.1/stm32cubeide/plugins/com.st.stm32cube.ide.mcu.externaltools.gnu-tools-for-stm32.7-2018-q2-update.win32_1.5.0.202011040924/tools/bin/../lib/gcc/arm-none-eabi/7.3.1/../../../../arm-none-eabi/lib/thumb/v7e-m/fpv4-sp/hard\libc_nano.a(lib_a-memset.o)
                0x0000000008021d18                memset
 *(.glue_7)
 .glue_7        0x0000000008021d28        0x0 linker stubs
 *(.glue_7t)
 .glue_7t       0x0000000008021d28        0x0 linker stubs
 *(.eh_frame)
 .eh_frame      0x0000000008021d28        0x0 c:/st/stm32cubeide_1.5.1/stm32cubeide/plugins/com.st.stm32cube.ide.mcu.externaltools.gnu-tools-for-stm32.7-2018-q2-update.win32_1.5.0.202011040924/tools/bin/../lib/gcc/arm-none-eabi/7.3.1/thumb/v7e-m/fpv4-sp/hard/crtbegin.o
 *(.init)
 .init          0x0000000008021d28        0x4 c:/st/stm32cubeide_1.5.1/stm32cubeide/plugins/com.st.stm32cube.ide.mcu.externaltools.gnu-tools-for-stm32.7-2018-q2-update.win32_1.5.0.202011040924/tools/bin/../lib/gcc/arm-none-eabi/7.3.1/thumb/v7e-m/fpv4-sp/hard/crti.o
                0x0000000008021d28                _init
 .init          0x0000000008021d2c        0x8 c:/st/stm32cubeide_1.5.1/stm32cubeide/plugins/com.st.stm32cube.ide.mcu.externaltools.gnu-tools-for-stm32.7-2018-q2-update.win32_1.5.0.202011040924/tools/bin/../lib/gcc/arm-none-eabi/7.3.1/thumb/v7e-m/fpv4-sp/hard/crtn.o
 *(.fini)
 .fini          0x0000000008021d34        0x4 c:/st/stm32cubeide_1.5.1/stm32cubeide/plugins/com.st.stm32cube.ide.mcu.externaltools.gnu-tools-for-stm32.7-2018-q2-update.win32_1.5.0.202011040924/tools/bin/../lib/gcc/arm-none-eabi/7.3.1/thumb/v7e-m/fpv4-sp/hard/crti.o
                0x0000000008021d34                _fini
 .fini          0x0000000008021d38        0x8 c:/st/stm32cubeide_1.5.1/stm32cubeide/plugins/com.st.stm32cube.ide.mcu.externaltools.gnu-tools-for-stm32.7-2018-q2-update.win32_1.5.0.202011040924/tools/bin/../lib/gcc/arm-none-eabi/7.3.1/thumb/v7e-m/fpv4-sp/hard/crtn.o
                0x0000000008021d40                . = ALIGN (0x4)
                0x0000000008021d40                _etext = .

.vfp11_veneer   0x0000000008021d40        0x0
 .vfp11_veneer  0x0000000008021d40        0x0 linker stubs

.v4_bx          0x0000000008021d40        0x0
 .v4_bx         0x0000000008021d40        0x0 linker stubs

.iplt           0x0000000008021d40        0x0
 .iplt          0x0000000008021d40        0x0 c:/st/stm32cubeide_1.5.1/stm32cubeide/plugins/com.st.stm32cube.ide.mcu.externaltools.gnu-tools-for-stm32.7-2018-q2-update.win32_1.5.0.202011040924/tools/bin/../lib/gcc/arm-none-eabi/7.3.1/thumb/v7e-m/fpv4-sp/hard/crtbegin.o

.rodata         0x0000000008021d40       0x18
                0x0000000008021d40                . = ALIGN (0x4)
 *(.rodata)
 *(.rodata*)
 .rodata.AHBPrescTable
                0x0000000008021d40       0x10 Core/Src/system_stm32f4xx.o
                0x0000000008021d40                AHBPrescTable
 .rodata.APBPrescTable
                0x0000000008021d50        0x8 Core/Src/system_stm32f4xx.o
                0x0000000008021d50                APBPrescTable
                0x0000000008021d58                . = ALIGN (0x4)

.ARM.extab      0x0000000008021d58        0x0
                0x0000000008021d58                . = ALIGN (0x4)
 *(.ARM.extab* .gnu.linkonce.armextab.*)
                0x0000000008021d58                . = ALIGN (0x4)

.ARM            0x0000000008021d58        0x8
                0x0000000008021d58                . = ALIGN (0x4)
                0x0000000008021d58                __exidx_start = .
 *(.ARM.exidx*)
 .ARM.exidx     0x0000000008021d58        0x8 c:/st/stm32cubeide_1.5.1/stm32cubeide/plugins/com.st.stm32cube.ide.mcu.externaltools.gnu-tools-for-stm32.7-2018-q2-update.win32_1.5.0.202011040924/tools/bin/../lib/gcc/arm-none-eabi/7.3.1/thumb/v7e-m/fpv4-sp/hard\libgcc.a(_udivmoddi4.o)
                0x0000000008021d60                __exidx_end = .
                0x0000000008021d60                . = ALIGN (0x4)

.rel.dyn        0x0000000008021d60        0x0
 .rel.iplt      0x0000000008021d60        0x0 c:/st/stm32cubeide_1.5.1/stm32cubeide/plugins/com.st.stm32cube.ide.mcu.externaltools.gnu-tools-for-stm32.7-2018-q2-update.win32_1.5.0.202011040924/tools/bin/../lib/gcc/arm-none-eabi/7.3.1/thumb/v7e-m/fpv4-sp/hard/crtbegin.o

.preinit_array  0x0000000008021d60        0x0
                0x0000000008021d60                . = ALIGN (0x4)
                0x0000000008021d60                PROVIDE (__preinit_array_start = .)
 *(.preinit_array*)
                0x0000000008021d60                PROVIDE (__preinit_array_end = .)
                0x0000000008021d60                . = ALIGN (0x4)

.init_array     0x0000000008021d60        0x4
                0x0000000008021d60                . = ALIGN (0x4)
                0x0000000008021d60                PROVIDE (__init_array_start = .)
 *(SORT_BY_NAME(.init_array.*))
 *(.init_array*)
 .init_array    0x0000000008021d60        0x4 c:/st/stm32cubeide_1.5.1/stm32cubeide/plugins/com.st.stm32cube.ide.mcu.externaltools.gnu-tools-for-stm32.7-2018-q2-update.win32_1.5.0.202011040924/tools/bin/../lib/gcc/arm-none-eabi/7.3.1/thumb/v7e-m/fpv4-sp/hard/crtbegin.o
                0x0000000008021d64                PROVIDE (__init_array_end = .)
                0x0000000008021d64                . = ALIGN (0x4)

.fini_array     0x0000000008021d64        0x4
                0x0000000008021d64                . = ALIGN (0x4)
                [!provide]                        PROVIDE (__fini_array_start = .)
 *(SORT_BY_NAME(.fini_array.*))
 *(.fini_array*)
 .fini_array    0x0000000008021d64        0x4 c:/st/stm32cubeide_1.5.1/stm32cubeide/plugins/com.st.stm32cube.ide.mcu.externaltools.gnu-tools-for-stm32.7-2018-q2-update.win32_1.5.0.202011040924/tools/bin/../lib/gcc/arm-none-eabi/7.3.1/thumb/v7e-m/fpv4-sp/hard/crtbegin.o
                [!provide]                        PROVIDE (__fini_array_end = .)
                0x0000000008021d68                . = ALIGN (0x4)
                0x0000000008021d68                _sidata = LOADADDR (.data)

.data           0x0000000020000000        0xc load address 0x0000000008021d68
                0x0000000020000000                . = ALIGN (0x4)
                0x0000000020000000                _sdata = .
 *(.data)
 *(.data*)
 .data.SystemCoreClock
                0x0000000020000000        0x4 Core/Src/system_stm32f4xx.o
                0x0000000020000000                SystemCoreClock
 .data.uwTickFreq
                0x0000000020000004        0x1 Drivers/STM32F4xx_HAL_Driver/Src/stm32f4xx_hal.o
                0x0000000020000004                uwTickFreq
 *fill*         0x0000000020000005        0x3 
 .data.uwTickPrio
                0x0000000020000008        0x4 Drivers/STM32F4xx_HAL_Driver/Src/stm32f4xx_hal.o
                0x0000000020000008                uwTickPrio
                0x000000002000000c                . = ALIGN (0x4)
                0x000000002000000c                _edata = .

.igot.plt       0x000000002000000c        0x0 load address 0x0000000008021d74
 .igot.plt      0x000000002000000c        0x0 c:/st/stm32cubeide_1.5.1/stm32cubeide/plugins/com.st.stm32cube.ide.mcu.externaltools.gnu-tools-for-stm32.7-2018-q2-update.win32_1.5.0.202011040924/tools/bin/../lib/gcc/arm-none-eabi/7.3.1/thumb/v7e-m/fpv4-sp/hard/crtbegin.o
                0x000000002000000c                . = ALIGN (0x4)

.bss            0x000000002000000c      0x160 load address 0x0000000008021d74
                0x000000002000000c                _sbss = .
                0x000000002000000c                __bss_start__ = _sbss
 *(.bss)
 .bss           0x000000002000000c       0x1c c:/st/stm32cubeide_1.5.1/stm32cubeide/plugins/com.st.stm32cube.ide.mcu.externaltools.gnu-tools-for-stm32.7-2018-q2-update.win32_1.5.0.202011040924/tools/bin/../lib/gcc/arm-none-eabi/7.3.1/thumb/v7e-m/fpv4-sp/hard/crtbegin.o
 *(.bss*)
 .bss.rs232Handle
                0x0000000020000028       0x40 App/boot.o
 .bss.xcpCtoReqPacket.7838
                0x0000000020000068       0x41 App/boot.o
 .bss.xcpCtoRxInProgress.7840
                0x00000000200000a9        0x1 App/boot.o
 .bss.xcpCtoRxLength.7839
                0x00000000200000aa        0x1 App/boot.o
 *fill*         0x00000000200000ab        0x1 
 .bss.xcpCtoRxStartTime.7841
                0x00000000200000ac        0x4 App/boot.o
 .bss.led_toggle_state.7822
                0x00000000200000b0        0x1 App/led.o
 *fill*         0x00000000200000b1        0x3 
 .bss.timer_counter_last.7823
                0x00000000200000b4        0x4 App/led.o
 *(COMMON)
 COMMON         0x00000000200000b8       0xb0 Core/Src/main.o
                0x00000000200000b8                hcan2
                0x00000000200000e0                huart6
                0x0000000020000120                heth
 COMMON         0x0000000020000168        0x4 Drivers/STM32F4xx_HAL_Driver/Src/stm32f4xx_hal.o
                0x0000000020000168                uwTick
                0x000000002000016c                . = ALIGN (0x4)
                0x000000002000016c                _ebss = .
                0x000000002000016c                __bss_end__ = _ebss

._user_heap_stack
                0x000000002000016c      0x604 load address 0x0000000008021d74
                0x0000000020000170                . = ALIGN (0x8)
 *fill*         0x000000002000016c        0x4 
                [!provide]                        PROVIDE (end = .)
                0x0000000020000170                PROVIDE (_end = .)
                0x0000000020000370                . = (. + _Min_Heap_Size)
 *fill*         0x0000000020000170      0x200 
                0x0000000020000770                . = (. + _Min_Stack_Size)
 *fill*         0x0000000020000370      0x400 
                0x0000000020000770                . = ALIGN (0x8)

/DISCARD/
 libc.a(*)
 libm.a(*)
 libgcc.a(*)

.ARM.attributes
                0x0000000000000000       0x30
 *(.ARM.attributes)
 .ARM.attributes
                0x0000000000000000       0x22 c:/st/stm32cubeide_1.5.1/stm32cubeide/plugins/com.st.stm32cube.ide.mcu.externaltools.gnu-tools-for-stm32.7-2018-q2-update.win32_1.5.0.202011040924/tools/bin/../lib/gcc/arm-none-eabi/7.3.1/thumb/v7e-m/fpv4-sp/hard/crti.o
 .ARM.attributes
                0x0000000000000022       0x34 c:/st/stm32cubeide_1.5.1/stm32cubeide/plugins/com.st.stm32cube.ide.mcu.externaltools.gnu-tools-for-stm32.7-2018-q2-update.win32_1.5.0.202011040924/tools/bin/../lib/gcc/arm-none-eabi/7.3.1/thumb/v7e-m/fpv4-sp/hard/crtbegin.o
 .ARM.attributes
                0x0000000000000056       0x39 App/app.o
 .ARM.attributes
                0x000000000000008f       0x39 App/boot.o
 .ARM.attributes
                0x00000000000000c8       0x39 App/led.o
 .ARM.attributes
                0x0000000000000101       0x39 App/timer.o
 .ARM.attributes
                0x000000000000013a       0x39 Core/Src/main.o
 .ARM.attributes
                0x0000000000000173       0x39 Core/Src/stm32f4xx_hal_msp.o
 .ARM.attributes
                0x00000000000001ac       0x39 Core/Src/stm32f4xx_it.o
 .ARM.attributes
                0x00000000000001e5       0x39 Core/Src/system_stm32f4xx.o
 .ARM.attributes
                0x000000000000021e       0x21 Core/Startup/startup_stm32f407zgtx.o
 .ARM.attributes
                0x000000000000023f       0x39 Drivers/STM32F4xx_HAL_Driver/Src/stm32f4xx_hal.o
 .ARM.attributes
                0x0000000000000278       0x39 Drivers/STM32F4xx_HAL_Driver/Src/stm32f4xx_hal_cortex.o
 .ARM.attributes
                0x00000000000002b1       0x39 Drivers/STM32F4xx_HAL_Driver/Src/stm32f4xx_hal_eth.o
 .ARM.attributes
                0x00000000000002ea       0x39 Drivers/STM32F4xx_HAL_Driver/Src/stm32f4xx_hal_gpio.o
 .ARM.attributes
                0x0000000000000323       0x39 Drivers/STM32F4xx_HAL_Driver/Src/stm32f4xx_hal_rcc.o
 .ARM.attributes
                0x000000000000035c       0x39 Drivers/STM32F4xx_HAL_Driver/Src/stm32f4xx_hal_uart.o
 .ARM.attributes
                0x0000000000000395       0x34 c:/st/stm32cubeide_1.5.1/stm32cubeide/plugins/com.st.stm32cube.ide.mcu.externaltools.gnu-tools-for-stm32.7-2018-q2-update.win32_1.5.0.202011040924/tools/bin/../lib/gcc/arm-none-eabi/7.3.1/../../../../arm-none-eabi/lib/thumb/v7e-m/fpv4-sp/hard\libc_nano.a(lib_a-init.o)
 .ARM.attributes
                0x00000000000003c9       0x34 c:/st/stm32cubeide_1.5.1/stm32cubeide/plugins/com.st.stm32cube.ide.mcu.externaltools.gnu-tools-for-stm32.7-2018-q2-update.win32_1.5.0.202011040924/tools/bin/../lib/gcc/arm-none-eabi/7.3.1/../../../../arm-none-eabi/lib/thumb/v7e-m/fpv4-sp/hard\libc_nano.a(lib_a-memset.o)
 .ARM.attributes
                0x00000000000003fd       0x22 c:/st/stm32cubeide_1.5.1/stm32cubeide/plugins/com.st.stm32cube.ide.mcu.externaltools.gnu-tools-for-stm32.7-2018-q2-update.win32_1.5.0.202011040924/tools/bin/../lib/gcc/arm-none-eabi/7.3.1/thumb/v7e-m/fpv4-sp/hard\libgcc.a(_aeabi_uldivmod.o)
 .ARM.attributes
                0x000000000000041f       0x34 c:/st/stm32cubeide_1.5.1/stm32cubeide/plugins/com.st.stm32cube.ide.mcu.externaltools.gnu-tools-for-stm32.7-2018-q2-update.win32_1.5.0.202011040924/tools/bin/../lib/gcc/arm-none-eabi/7.3.1/thumb/v7e-m/fpv4-sp/hard\libgcc.a(_udivmoddi4.o)
 .ARM.attributes
                0x0000000000000453       0x22 c:/st/stm32cubeide_1.5.1/stm32cubeide/plugins/com.st.stm32cube.ide.mcu.externaltools.gnu-tools-for-stm32.7-2018-q2-update.win32_1.5.0.202011040924/tools/bin/../lib/gcc/arm-none-eabi/7.3.1/thumb/v7e-m/fpv4-sp/hard\libgcc.a(_dvmd_tls.o)
 .ARM.attributes
                0x0000000000000475       0x22 c:/st/stm32cubeide_1.5.1/stm32cubeide/plugins/com.st.stm32cube.ide.mcu.externaltools.gnu-tools-for-stm32.7-2018-q2-update.win32_1.5.0.202011040924/tools/bin/../lib/gcc/arm-none-eabi/7.3.1/thumb/v7e-m/fpv4-sp/hard/crtn.o
OUTPUT(demoprog_discovery_stm32f407.elf elf32-littlearm)

.debug_info     0x0000000000000000     0xa3f9
 .debug_info    0x0000000000000000      0x201 App/app.o
 .debug_info    0x0000000000000201      0x99f App/boot.o
 .debug_info    0x0000000000000ba0      0x3bc App/led.o
 .debug_info    0x0000000000000f5c      0x1b0 App/timer.o
 .debug_info    0x000000000000110c     0x1915 Core/Src/main.o
 .debug_info    0x0000000000002a21     0x160b Core/Src/stm32f4xx_hal_msp.o
 .debug_info    0x000000000000402c      0x223 Core/Src/stm32f4xx_it.o
 .debug_info    0x000000000000424f      0x559 Core/Src/system_stm32f4xx.o
 .debug_info    0x00000000000047a8       0x22 Core/Startup/startup_stm32f407zgtx.o
 .debug_info    0x00000000000047ca      0x9f1 Drivers/STM32F4xx_HAL_Driver/Src/stm32f4xx_hal.o
 .debug_info    0x00000000000051bb      0xf8c Drivers/STM32F4xx_HAL_Driver/Src/stm32f4xx_hal_cortex.o
 .debug_info    0x0000000000006147     0x193f Drivers/STM32F4xx_HAL_Driver/Src/stm32f4xx_hal_eth.o
 .debug_info    0x0000000000007a86      0x7c2 Drivers/STM32F4xx_HAL_Driver/Src/stm32f4xx_hal_gpio.o
 .debug_info    0x0000000000008248      0xa94 Drivers/STM32F4xx_HAL_Driver/Src/stm32f4xx_hal_rcc.o
 .debug_info    0x0000000000008cdc     0x171d Drivers/STM32F4xx_HAL_Driver/Src/stm32f4xx_hal_uart.o

.debug_abbrev   0x0000000000000000     0x1a99
 .debug_abbrev  0x0000000000000000       0xcc App/app.o
 .debug_abbrev  0x00000000000000cc      0x222 App/boot.o
 .debug_abbrev  0x00000000000002ee      0x146 App/led.o
 .debug_abbrev  0x0000000000000434       0xe6 App/timer.o
 .debug_abbrev  0x000000000000051a      0x2b5 Core/Src/main.o
 .debug_abbrev  0x00000000000007cf      0x233 Core/Src/stm32f4xx_hal_msp.o
 .debug_abbrev  0x0000000000000a02       0xe4 Core/Src/stm32f4xx_it.o
 .debug_abbrev  0x0000000000000ae6      0x12b Core/Src/system_stm32f4xx.o
 .debug_abbrev  0x0000000000000c11       0x12 Core/Startup/startup_stm32f407zgtx.o
 .debug_abbrev  0x0000000000000c23      0x1ed Drivers/STM32F4xx_HAL_Driver/Src/stm32f4xx_hal.o
 .debug_abbrev  0x0000000000000e10      0x328 Drivers/STM32F4xx_HAL_Driver/Src/stm32f4xx_hal_cortex.o
 .debug_abbrev  0x0000000000001138      0x27f Drivers/STM32F4xx_HAL_Driver/Src/stm32f4xx_hal_eth.o
 .debug_abbrev  0x00000000000013b7      0x1e7 Drivers/STM32F4xx_HAL_Driver/Src/stm32f4xx_hal_gpio.o
 .debug_abbrev  0x000000000000159e      0x273 Drivers/STM32F4xx_HAL_Driver/Src/stm32f4xx_hal_rcc.o
 .debug_abbrev  0x0000000000001811      0x288 Drivers/STM32F4xx_HAL_Driver/Src/stm32f4xx_hal_uart.o

.debug_aranges  0x0000000000000000      0x778
 .debug_aranges
                0x0000000000000000       0x28 App/app.o
 .debug_aranges
                0x0000000000000028       0x48 App/boot.o
 .debug_aranges
                0x0000000000000070       0x28 App/led.o
 .debug_aranges
                0x0000000000000098       0x28 App/timer.o
 .debug_aranges
                0x00000000000000c0       0x58 Core/Src/main.o
 .debug_aranges
                0x0000000000000118       0x50 Core/Src/stm32f4xx_hal_msp.o
 .debug_aranges
                0x0000000000000168       0x60 Core/Src/stm32f4xx_it.o
 .debug_aranges
                0x00000000000001c8       0x28 Core/Src/system_stm32f4xx.o
 .debug_aranges
                0x00000000000001f0       0x28 Core/Startup/startup_stm32f407zgtx.o
 .debug_aranges
                0x0000000000000218       0xf0 Drivers/STM32F4xx_HAL_Driver/Src/stm32f4xx_hal.o
 .debug_aranges
                0x0000000000000308       0xa8 Drivers/STM32F4xx_HAL_Driver/Src/stm32f4xx_hal_cortex.o
 .debug_aranges
                0x00000000000003b0      0x118 Drivers/STM32F4xx_HAL_Driver/Src/stm32f4xx_hal_eth.o
 .debug_aranges
                0x00000000000004c8       0x58 Drivers/STM32F4xx_HAL_Driver/Src/stm32f4xx_hal_gpio.o
 .debug_aranges
                0x0000000000000520       0x88 Drivers/STM32F4xx_HAL_Driver/Src/stm32f4xx_hal_rcc.o
 .debug_aranges
                0x00000000000005a8      0x1d0 Drivers/STM32F4xx_HAL_Driver/Src/stm32f4xx_hal_uart.o

.debug_ranges   0x0000000000000000      0x708
 .debug_ranges  0x0000000000000000       0x18 App/app.o
 .debug_ranges  0x0000000000000018       0x38 App/boot.o
 .debug_ranges  0x0000000000000050       0x18 App/led.o
 .debug_ranges  0x0000000000000068       0x18 App/timer.o
 .debug_ranges  0x0000000000000080       0x48 Core/Src/main.o
 .debug_ranges  0x00000000000000c8       0x40 Core/Src/stm32f4xx_hal_msp.o
 .debug_ranges  0x0000000000000108       0x50 Core/Src/stm32f4xx_it.o
 .debug_ranges  0x0000000000000158       0x18 Core/Src/system_stm32f4xx.o
 .debug_ranges  0x0000000000000170       0x20 Core/Startup/startup_stm32f407zgtx.o
 .debug_ranges  0x0000000000000190       0xe0 Drivers/STM32F4xx_HAL_Driver/Src/stm32f4xx_hal.o
 .debug_ranges  0x0000000000000270       0xf8 Drivers/STM32F4xx_HAL_Driver/Src/stm32f4xx_hal_cortex.o
 .debug_ranges  0x0000000000000368      0x108 Drivers/STM32F4xx_HAL_Driver/Src/stm32f4xx_hal_eth.o
 .debug_ranges  0x0000000000000470       0x48 Drivers/STM32F4xx_HAL_Driver/Src/stm32f4xx_hal_gpio.o
 .debug_ranges  0x00000000000004b8       0x90 Drivers/STM32F4xx_HAL_Driver/Src/stm32f4xx_hal_rcc.o
 .debug_ranges  0x0000000000000548      0x1c0 Drivers/STM32F4xx_HAL_Driver/Src/stm32f4xx_hal_uart.o

.debug_macro    0x0000000000000000    0x20e0f
 .debug_macro   0x0000000000000000      0x208 App/app.o
 .debug_macro   0x0000000000000208      0xa5a App/app.o
 .debug_macro   0x0000000000000c62      0x135 App/app.o
 .debug_macro   0x0000000000000d97       0x2e App/app.o
 .debug_macro   0x0000000000000dc5       0x2f App/app.o
 .debug_macro   0x0000000000000df4       0x22 App/app.o
 .debug_macro   0x0000000000000e16       0x8e App/app.o
 .debug_macro   0x0000000000000ea4       0x51 App/app.o
 .debug_macro   0x0000000000000ef5       0xef App/app.o
 .debug_macro   0x0000000000000fe4       0x6a App/app.o
 .debug_macro   0x000000000000104e      0x1df App/app.o
 .debug_macro   0x000000000000122d       0x1c App/app.o
 .debug_macro   0x0000000000001249       0x22 App/app.o
 .debug_macro   0x000000000000126b       0xdf App/app.o
 .debug_macro   0x000000000000134a     0x102d App/app.o
 .debug_macro   0x0000000000002377      0x11f App/app.o
 .debug_macro   0x0000000000002496    0x15e3c App/app.o
 .debug_macro   0x00000000000182d2       0x43 App/app.o
 .debug_macro   0x0000000000018315      0x2a8 App/app.o
 .debug_macro   0x00000000000185bd     0x3659 App/app.o
 .debug_macro   0x000000000001bc16      0x174 App/app.o
 .debug_macro   0x000000000001bd8a       0x5a App/app.o
 .debug_macro   0x000000000001bde4      0x96b App/app.o
 .debug_macro   0x000000000001c74f      0x9fe App/app.o
 .debug_macro   0x000000000001d14d      0x117 App/app.o
 .debug_macro   0x000000000001d264      0x13e App/app.o
 .debug_macro   0x000000000001d3a2       0x27 App/app.o
 .debug_macro   0x000000000001d3c9      0x174 App/app.o
 .debug_macro   0x000000000001d53d      0x287 App/app.o
 .debug_macro   0x000000000001d7c4       0x5f App/app.o
 .debug_macro   0x000000000001d823      0x236 App/app.o
 .debug_macro   0x000000000001da59      0x40f App/app.o
 .debug_macro   0x000000000001de68      0xccf App/app.o
 .debug_macro   0x000000000001eb37      0x12c App/app.o
 .debug_macro   0x000000000001ec63      0x21e App/app.o
 .debug_macro   0x000000000001ee81       0x2e App/app.o
 .debug_macro   0x000000000001eeaf      0x11a App/app.o
 .debug_macro   0x000000000001efc9       0x7e App/app.o
 .debug_macro   0x000000000001f047       0x89 App/app.o
 .debug_macro   0x000000000001f0d0      0x287 App/app.o
 .debug_macro   0x000000000001f357      0x12d App/app.o
 .debug_macro   0x000000000001f484       0x22 App/app.o
 .debug_macro   0x000000000001f4a6      0x20e App/boot.o
 .debug_macro   0x000000000001f6b4      0x20e App/led.o
 .debug_macro   0x000000000001f8c2      0x208 App/timer.o
 .debug_macro   0x000000000001faca      0x212 Core/Src/main.o
 .debug_macro   0x000000000001fcdc      0x1d8 Core/Src/stm32f4xx_hal_msp.o
 .debug_macro   0x000000000001feb4      0x1e2 Core/Src/stm32f4xx_it.o
 .debug_macro   0x0000000000020096      0x1d4 Core/Src/system_stm32f4xx.o
 .debug_macro   0x000000000002026a      0x22e Drivers/STM32F4xx_HAL_Driver/Src/stm32f4xx_hal.o
 .debug_macro   0x0000000000020498      0x1ce Drivers/STM32F4xx_HAL_Driver/Src/stm32f4xx_hal_cortex.o
 .debug_macro   0x0000000000020666      0x1e4 Drivers/STM32F4xx_HAL_Driver/Src/stm32f4xx_hal_eth.o
 .debug_macro   0x000000000002084a      0x204 Drivers/STM32F4xx_HAL_Driver/Src/stm32f4xx_hal_gpio.o
 .debug_macro   0x0000000000020a4e      0x1f2 Drivers/STM32F4xx_HAL_Driver/Src/stm32f4xx_hal_rcc.o
 .debug_macro   0x0000000000020c40      0x1cf Drivers/STM32F4xx_HAL_Driver/Src/stm32f4xx_hal_uart.o

.debug_line     0x0000000000000000     0x7ba0
 .debug_line    0x0000000000000000      0x70a App/app.o
 .debug_line    0x000000000000070a      0x78c App/boot.o
 .debug_line    0x0000000000000e96      0x718 App/led.o
 .debug_line    0x00000000000015ae      0x708 App/timer.o
 .debug_line    0x0000000000001cb6      0x7ed Core/Src/main.o
 .debug_line    0x00000000000024a3      0x77d Core/Src/stm32f4xx_hal_msp.o
 .debug_line    0x0000000000002c20      0x74e Core/Src/stm32f4xx_it.o
 .debug_line    0x000000000000336e      0x6df Core/Src/system_stm32f4xx.o
 .debug_line    0x0000000000003a4d       0x85 Core/Startup/startup_stm32f407zgtx.o
 .debug_line    0x0000000000003ad2      0x8bc Drivers/STM32F4xx_HAL_Driver/Src/stm32f4xx_hal.o
 .debug_line    0x000000000000438e      0x90e Drivers/STM32F4xx_HAL_Driver/Src/stm32f4xx_hal_cortex.o
 .debug_line    0x0000000000004c9c      0xd66 Drivers/STM32F4xx_HAL_Driver/Src/stm32f4xx_hal_eth.o
 .debug_line    0x0000000000005a02      0x844 Drivers/STM32F4xx_HAL_Driver/Src/stm32f4xx_hal_gpio.o
 .debug_line    0x0000000000006246      0x94f Drivers/STM32F4xx_HAL_Driver/Src/stm32f4xx_hal_rcc.o
 .debug_line    0x0000000000006b95     0x100b Drivers/STM32F4xx_HAL_Driver/Src/stm32f4xx_hal_uart.o

.debug_str      0x0000000000000000    0xc907b
 .debug_str     0x0000000000000000    0xc604e App/app.o
                                      0xc62be (size before relaxing)
 .debug_str     0x00000000000c604e      0x56a App/boot.o
                                      0xc684e (size before relaxing)
 .debug_str     0x00000000000c65b8       0xb7 App/led.o
                                      0xc6341 (size before relaxing)
 .debug_str     0x00000000000c666f       0x1b App/timer.o
                                      0xc6289 (size before relaxing)
 .debug_str     0x00000000000c668a      0x991 Core/Src/main.o
                                      0xc7157 (size before relaxing)
 .debug_str     0x00000000000c701b       0xaf Core/Src/stm32f4xx_hal_msp.o
                                      0xc68ae (size before relaxing)
 .debug_str     0x00000000000c70ca       0xc9 Core/Src/stm32f4xx_it.o
                                      0xc5cb6 (size before relaxing)
 .debug_str     0x00000000000c7193       0x70 Core/Src/system_stm32f4xx.o
                                      0xc5da3 (size before relaxing)
 .debug_str     0x00000000000c7203       0x36 Core/Startup/startup_stm32f407zgtx.o
                                         0x8f (size before relaxing)
 .debug_str     0x00000000000c7239      0xa70 Drivers/STM32F4xx_HAL_Driver/Src/stm32f4xx_hal.o
                                      0xc68b5 (size before relaxing)
 .debug_str     0x00000000000c7ca9      0x349 Drivers/STM32F4xx_HAL_Driver/Src/stm32f4xx_hal_cortex.o
                                      0xc665f (size before relaxing)
 .debug_str     0x00000000000c7ff2      0x768 Drivers/STM32F4xx_HAL_Driver/Src/stm32f4xx_hal_eth.o
                                      0xc6998 (size before relaxing)
 .debug_str     0x00000000000c875a      0x1b9 Drivers/STM32F4xx_HAL_Driver/Src/stm32f4xx_hal_gpio.o
                                      0xc5fe2 (size before relaxing)
 .debug_str     0x00000000000c8913      0x21f Drivers/STM32F4xx_HAL_Driver/Src/stm32f4xx_hal_rcc.o
                                      0xc61b7 (size before relaxing)
 .debug_str     0x00000000000c8b32      0x549 Drivers/STM32F4xx_HAL_Driver/Src/stm32f4xx_hal_uart.o
                                      0xc6666 (size before relaxing)

.comment        0x0000000000000000       0x7b
 .comment       0x0000000000000000       0x7b App/app.o
                                         0x7c (size before relaxing)
 .comment       0x000000000000007b       0x7c App/boot.o
 .comment       0x000000000000007b       0x7c App/led.o
 .comment       0x000000000000007b       0x7c App/timer.o
 .comment       0x000000000000007b       0x7c Core/Src/main.o
 .comment       0x000000000000007b       0x7c Core/Src/stm32f4xx_hal_msp.o
 .comment       0x000000000000007b       0x7c Core/Src/stm32f4xx_it.o
 .comment       0x000000000000007b       0x7c Core/Src/system_stm32f4xx.o
 .comment       0x000000000000007b       0x7c Drivers/STM32F4xx_HAL_Driver/Src/stm32f4xx_hal.o
 .comment       0x000000000000007b       0x7c Drivers/STM32F4xx_HAL_Driver/Src/stm32f4xx_hal_cortex.o
 .comment       0x000000000000007b       0x7c Drivers/STM32F4xx_HAL_Driver/Src/stm32f4xx_hal_eth.o
 .comment       0x000000000000007b       0x7c Drivers/STM32F4xx_HAL_Driver/Src/stm32f4xx_hal_gpio.o
 .comment       0x000000000000007b       0x7c Drivers/STM32F4xx_HAL_Driver/Src/stm32f4xx_hal_rcc.o
 .comment       0x000000000000007b       0x7c Drivers/STM32F4xx_HAL_Driver/Src/stm32f4xx_hal_uart.o

.debug_frame    0x0000000000000000     0x1278
 .debug_frame   0x0000000000000000       0x40 App/app.o
 .debug_frame   0x0000000000000040       0x98 App/boot.o
 .debug_frame   0x00000000000000d8       0x44 App/led.o
 .debug_frame   0x000000000000011c       0x38 App/timer.o
 .debug_frame   0x0000000000000154       0xd4 Core/Src/main.o
 .debug_frame   0x0000000000000228       0xd8 Core/Src/stm32f4xx_hal_msp.o
 .debug_frame   0x0000000000000300       0xa8 Core/Src/stm32f4xx_it.o
 .debug_frame   0x00000000000003a8       0x30 Core/Src/system_stm32f4xx.o
 .debug_frame   0x00000000000003d8      0x1ec Drivers/STM32F4xx_HAL_Driver/Src/stm32f4xx_hal.o
 .debug_frame   0x00000000000005c4      0x15c Drivers/STM32F4xx_HAL_Driver/Src/stm32f4xx_hal_cortex.o
 .debug_frame   0x0000000000000720      0x360 Drivers/STM32F4xx_HAL_Driver/Src/stm32f4xx_hal_eth.o
 .debug_frame   0x0000000000000a80       0xd8 Drivers/STM32F4xx_HAL_Driver/Src/stm32f4xx_hal_gpio.o
 .debug_frame   0x0000000000000b58      0x184 Drivers/STM32F4xx_HAL_Driver/Src/stm32f4xx_hal_rcc.o
 .debug_frame   0x0000000000000cdc      0x4f0 Drivers/STM32F4xx_HAL_Driver/Src/stm32f4xx_hal_uart.o
 .debug_frame   0x00000000000011cc       0x2c c:/st/stm32cubeide_1.5.1/stm32cubeide/plugins/com.st.stm32cube.ide.mcu.externaltools.gnu-tools-for-stm32.7-2018-q2-update.win32_1.5.0.202011040924/tools/bin/../lib/gcc/arm-none-eabi/7.3.1/../../../../arm-none-eabi/lib/thumb/v7e-m/fpv4-sp/hard\libc_nano.a(lib_a-init.o)
 .debug_frame   0x00000000000011f8       0x20 c:/st/stm32cubeide_1.5.1/stm32cubeide/plugins/com.st.stm32cube.ide.mcu.externaltools.gnu-tools-for-stm32.7-2018-q2-update.win32_1.5.0.202011040924/tools/bin/../lib/gcc/arm-none-eabi/7.3.1/../../../../arm-none-eabi/lib/thumb/v7e-m/fpv4-sp/hard\libc_nano.a(lib_a-memset.o)
 .debug_frame   0x0000000000001218       0x2c c:/st/stm32cubeide_1.5.1/stm32cubeide/plugins/com.st.stm32cube.ide.mcu.externaltools.gnu-tools-for-stm32.7-2018-q2-update.win32_1.5.0.202011040924/tools/bin/../lib/gcc/arm-none-eabi/7.3.1/thumb/v7e-m/fpv4-sp/hard\libgcc.a(_aeabi_uldivmod.o)
 .debug_frame   0x0000000000001244       0x34 c:/st/stm32cubeide_1.5.1/stm32cubeide/plugins/com.st.stm32cube.ide.mcu.externaltools.gnu-tools-for-stm32.7-2018-q2-update.win32_1.5.0.202011040924/tools/bin/../lib/gcc/arm-none-eabi/7.3.1/thumb/v7e-m/fpv4-sp/hard\libgcc.a(_udivmoddi4.o)

.debug_loc      0x0000000000000000     0x35c8
 .debug_loc     0x0000000000000000       0x4a App/boot.o
 .debug_loc     0x000000000000004a       0x34 App/led.o
 .debug_loc     0x000000000000007e      0x15c Core/Src/stm32f4xx_hal_msp.o
 .debug_loc     0x00000000000001da      0x13e Core/Src/system_stm32f4xx.o
 .debug_loc     0x0000000000000318      0x11b Drivers/STM32F4xx_HAL_Driver/Src/stm32f4xx_hal.o
 .debug_loc     0x0000000000000433      0x5ce Drivers/STM32F4xx_HAL_Driver/Src/stm32f4xx_hal_cortex.o
 .debug_loc     0x0000000000000a01      0xda9 Drivers/STM32F4xx_HAL_Driver/Src/stm32f4xx_hal_eth.o
 .debug_loc     0x00000000000017aa      0x476 Drivers/STM32F4xx_HAL_Driver/Src/stm32f4xx_hal_gpio.o
 .debug_loc     0x0000000000001c20      0x40f Drivers/STM32F4xx_HAL_Driver/Src/stm32f4xx_hal_rcc.o
 .debug_loc     0x000000000000202f     0x1599 Drivers/STM32F4xx_HAL_Driver/Src/stm32f4xx_hal_uart.o
